../Core/Src/main.c:111:5:main	8	static
../Core/Src/main.c:228:6:SystemClock_Config	88	static
../Core/Src/main.c:275:13:MX_LPUART1_UART_Init	8	static
../Core/Src/main.c:322:13:MX_TIM2_Init	64	static
../Core/Src/main.c:381:13:MX_TIM3_Init	56	static
../Core/Src/main.c:430:13:MX_TIM5_Init	40	static
../Core/Src/main.c:475:13:MX_GPIO_Init	48	static
../Core/Src/main.c:540:6:HAL_TIM_PeriodElapsedCallback	32	static
../Core/Src/main.c:555:6:Joy_control	8	static
../Core/Src/main.c:643:6:Error_Handler	4	static,ignoring_inline_asm
